Rubrik: Anna får inte resa från staden hon bor i.
Ingress: Anna är bara ihop med sina vänner på Teams nu för tiden.
När coronapandemin är över gläder hon sig till tre saker.
Tjeckien drabbats hårt av coronaviruset.
Allt är nedstängt, vi har hemmaskola, och alla butiker är stängda.
Det är omöjligt att resa ut ur Prag till andra platser i landet.
Hur har det här senaste året varit?
Vi har inte längre ämnen som gympa.
Det har varit tråkigt!
Det är alla reglerna, att vi måste använda munskydd, och att jag inte kan gå vart jag vill.
Jag är väldigt glad för att vi kan se varandra och göra saker tillsammans.
Jag fick också en ny kusin i år som jag nästan inte har sett.
Och så ska jag äta glass ute!
Den här killen fick hjälp av sin mor till att ta en coronatest på skolan han går på i Prag.
Pannkakor och lasagne.
Många i landet är smittade av coronaviruset.
Förut var länderna ett gemensamt land.
För 24 år sedan (i 1993) delades landet i två.
Det delades senare i tre.
Jag ser fram till att vara tillsammans med henne
