Fackansvarigt
de menas ha förstört något Då
 slipper jag göra något.
