[YikrRU67-tUn#0] ^adv<adv>{^inte<adv>$}$
[/YikrRU67-tUn]
