[YikrRU67-tUn#0] ^ikkje<adv>/inte<adv>/icke<adv>$
[/YikrRU67-tUn]
