[8VMBw4Lp7TA0#0] ^Her/her<adv>$ ^har/ha<vblex><pres>$ ^det/den<det><dem><nt><sg>/den<det><dem><nt><sg><expl>/den<prn><pers><p3><nt><sg><acc>/den<prn><pers><p3><nt><sg><nom>$ ^også/også<adv>$ ^blitt/bli<vblex><pp>/bli<adj><pp><pl>/blive<vblex><pp>/bli<adj><pp><nt><sg><ind>/bli<adj><pp><mf><sg><ind>/blive<adj><pp><pl>/blive<adj><pp><nt><sg><ind>/blive<adj><pp><mf><sg><ind>$ ^opprettet/opprette<vblex><pp>/opprette<vblex><pret>/opprette<adj><pp><pl>/opprette<adj><pp><nt><sg><ind>/opprette<adj><pp><mf><sg><ind>$ ^litteraturpriser/litteratur<n><m><sg><ind><cmp>+pris<n><m><pl><ind>$ ^og/og<cnjcoo>/òg<adv>/og<cnjcoo><clb>$ ^blitt/bli<vblex><pp>/bli<adj><pp><pl>/blive<vblex><pp>/bli<adj><pp><nt><sg><ind>/bli<adj><pp><mf><sg><ind>/blive<adj><pp><pl>/blive<adj><pp><nt><sg><ind>/blive<adj><pp><mf><sg><ind>$ ^arrangert/arrangere<vblex><pp>/arrangere<adj><pp><pl>/arrangere<adj><pp><nt><sg><ind>/arrangere<adj><pp><mf><sg><ind>$ ^litteraturfestivaler/litteratur<n><m><sg><ind><cmp>+festival<n><m><pl><ind>$^./.<sent><clb>$
[/8VMBw4Lp7TA0]
[AWA7hOPgO92I#0] ^ikke/ikke<adv>$^./.<sent><clb>$
[/AWA7hOPgO92I]
[B9i8-sqBsyuY#0] ^hvilke/hvilken<det><itg><un><pl>$ ^aktiviteter/aktivitet<n><m><pl><ind>$^./.<sent><clb>$
[/B9i8-sqBsyuY]
[M_hpqOV05M0j#0] ^mammas/mamma<n><m><sg><ind><gen>$ ^telefon/telefon<n><m><sg><ind>$^./.<sent><clb>$
[/M_hpqOV05M0j]
[dGFAyy7M9Fgp#0] ^Jeg/jeg<n><nt><sg><ind>/jeg<n><nt><pl><ind>/jeg<prn><pers><p1><mf><sg><nom>$ ^ser/se<vblex><pres>$ ^bare/bare<adv>/bar<adj><sint><pst><un><sp><def>/bar<adj><sint><pst><un><pl><ind>$ ^vennene/venn<n><m><pl><def>$ ^mine/min<det><pos><un><pl>/min<prn><pos><un><pl>/mine<n><m><sg><ind>/mine<n><f><sg><ind>$ ^virtuelt/virtuell<adj><pst><nt><sg><ind>$^./.<sent><clb>$
[/dGFAyy7M9Fgp]
[uXuhSTHKMz88#0] ^noe/noe<det><qnt><nt><sg>/noe<prn><ind><nt><sg><acc>/noe<prn><ind><nt><sg><nom>$ ^annet/annen<det><dem><nt><sg><ind>/annen<det><dem><un><sg><def>/annen<prn><ind><nt><sg><nom>$ ^land/lande<vblex><imp>/land<n><nt><sg><ind>/land<n><nt><pl><ind>$ ^i/i<pr>$ ^verden/verd<n><m><sg><def>/verden<n><m><sg><ind>$^./.<sent><clb>$
[/uXuhSTHKMz88]
