[8VMBw4Lp7TA0#0] Här har det också upprättats litteraturpris och blivit ordnade litteraturfestivaler.
[/8VMBw4Lp7TA0]
[AWA7hOPgO92I#0] inte.
[/AWA7hOPgO92I]
[B9i8-sqBsyuY#0] vilka aktiviteter.
[/B9i8-sqBsyuY]
[M_hpqOV05M0j#0] mammas telefon.
[/M_hpqOV05M0j]
[dGFAyy7M9Fgp#0] Jag ser bara mina vänner virtuellt.
[/dGFAyy7M9Fgp]
[uXuhSTHKMz88#0] något annat land i världen.
[/uXuhSTHKMz88]
