[8VMBw4Lp7TA0#0] ^Her<adv>$ ^ha<vblex><pres>$ ^den<prn><pers><p3><nt><sg><nom>$ ^ogs√•<adv>$ ^bli<vblex><pp>$ ^opprette<adj><pp><nt><sg><ind>$ ^litteratur<n><m><sg><ind><cmp>+pris<n><m><pl><ind>$ ^og<cnjcoo>$ ^bli<vblex><pp>$ ^arrangere<adj><pp><pl>$ ^litteratur<n><m><sg><ind><cmp>+festival<n><m><pl><ind>$^.<sent><clb>$
[/8VMBw4Lp7TA0]
[AWA7hOPgO92I#0] ^ikke<adv>$^.<sent><clb>$
[/AWA7hOPgO92I]
[B9i8-sqBsyuY#0] ^hvilken<det><itg><un><pl>$ ^aktivitet<n><m><pl><ind>$^.<sent><clb>$
[/B9i8-sqBsyuY]
[M_hpqOV05M0j#0] ^mamma<n><m><sg><ind><gen>$ ^telefon<n><m><sg><ind>$^.<sent><clb>$
[/M_hpqOV05M0j]
[dGFAyy7M9Fgp#0] ^Jeg<prn><pers><p1><mf><sg><nom>$ ^se<vblex><pres>$ ^bare<adv>$ ^venn<n><m><pl><def>$ ^min<det><pos><un><pl>$ ^virtuell<adj><pst><nt><sg><ind>$^.<sent><clb>$
[/dGFAyy7M9Fgp]
[uXuhSTHKMz88#0] ^noe<det><qnt><nt><sg>$ ^annen<det><dem><nt><sg><ind>$ ^land<n><nt><sg><ind>$ ^i<pr>$ ^verd<n><m><sg><def>$^.<sent><clb>$
[/uXuhSTHKMz88]
