[0tkleIoBBRxj#0] ^överskådlig<adj><sint><sup><un><sp><ind>$
[/0tkleIoBBRxj]
[4ezRqmPuJ3lS#0] ^ha<vblex><pres><actv>$ ^uppföra<vblex><supn><pasv>$
[/4ezRqmPuJ3lS]
[BGSXM-VaHxKz#0] ^som<pr>$ ^inte<adv>$ ^uppföra<vblex><supn><pasv>$
[/BGSXM-VaHxKz]
[I1a7gtD3zHRi#0] ^ha<vblex><pres><actv>$ ^finna<vblex><supn><pasv>$
[/I1a7gtD3zHRi]
[W-fqMeU--uw4#0] ^som<pr>$ ^finna<vblex><supn><pasv>$
[/W-fqMeU--uw4]
[eLrB2F8Y26uc#0] ^söka<adj><pprs>$ ^vilken<prn><rel><un><pl><gen>$ ^förmåga<n><ut><sg><ind>$ ^att<cnjsub>$ ^utnyttja<vblex><inf><actv>$
[/eLrB2F8Y26uc]
[hqvcBLgqrUlV#0] ^överskådlig<adj><sint><sup><fn><sp><def>$
[/hqvcBLgqrUlV]
[i9_os4amzrP1#0] ^överskådlig<adj><sint><comp><un><sp>$
[/i9_os4amzrP1]
[jONRw3Es7Fmy#0] ^den<det><dem><un><pl>$ ^part<n><ut><pl><ind>$ ^vilken<prn><rel><un><pl><gen>$ ^ansökning<n><ut><pl><ind>$
[/jONRw3Es7Fmy]
[w0tTxQc12qvl#0] ^Se<vblex><past><actv>$ ^hon<prn><pers><p3><f><sg><nom>$ ^inte<adv>$ ^ord<n><nt><pl><def>$^?<sent>$
[/w0tTxQc12qvl]
[zTuZzFUZoMgA#0] ^han<prn><pers><p3><m><sg><acc>$
[/zTuZzFUZoMgA]
