[0tkleIoBBRxj#0] mest #overskuelig
[/0tkleIoBBRxj]
[4ezRqmPuJ3lS#0] har vorte oppført
[/4ezRqmPuJ3lS]
[BGSXM-VaHxKz#0] som ikkje har vorte oppført
[/BGSXM-VaHxKz]
[I1a7gtD3zHRi#0] har vorte funne
[/I1a7gtD3zHRi]
[W-fqMeU--uw4#0] som har vorte funne
[/W-fqMeU--uw4]
[eLrB2F8Y26uc#0] #søkje der evna til å utnytta\/utnytte
[/eLrB2F8Y26uc]
[hqvcBLgqrUlV#0] mest #overskuelig
[/hqvcBLgqrUlV]
[i9_os4amzrP1#0] meir #overskuelig
[/i9_os4amzrP1]
[jONRw3Es7Fmy#0] dei partane som har søknader som
[/jONRw3Es7Fmy]
[w0tTxQc12qvl#0] Såg ho ikkje orda?
[/w0tTxQc12qvl]
[zTuZzFUZoMgA#0] han
[/zTuZzFUZoMgA]
