[4ezRqmPuJ3lS#0] ^ha<vblex><pres>$ ^bli<vblex><pp>$ ^oppføre<vblex><pp>$
[/4ezRqmPuJ3lS]
[BGSXM-VaHxKz#0] ^som<pr>$ ^ikke<adv>$ ^ha<vblex><pres>$ ^bli<vblex><pp>$ ^oppføre<vblex><pp>$
[/BGSXM-VaHxKz]
[I1a7gtD3zHRi#0] ^ha<vblex><pres>$ ^finnes<vblex><pstv><pp>$
[/I1a7gtD3zHRi]
[W-fqMeU--uw4#0] ^som<pr>$ ^ha<vblex><pres>$ ^finnes<vblex><pstv><pp>$
[/W-fqMeU--uw4]
[eLrB2F8Y26uc#0] ^søke<adj><pprs>$ ^der<cnjsub>$ ^evne<n><m><sg><def>$ ^til å<cnjsub>$ ^utnytte<vblex><inf>$
[/eLrB2F8Y26uc]
[jONRw3Es7Fmy#0] ^den<det><dem><un><pl>$ ^part<n><m><pl><ind>$ ^som<prn><rel><un><sp><nom>$ ^ha<vblex><pres>$ ^søknad<n><m><pl><ind>$ ^som<prn><rel><un><sp><nom>$
[/jONRw3Es7Fmy]
[tMKlZei_zLhv#0] ^Jeg<prn><pers><p1><mf><sg><nom>$ ^ha<vblex><pres>$ ^ål<n><m><pl><ind>$ ^i<pr>$ ^min<det><pos><m><sg>$ ^luftputebåt<n><m><sg><ind>$
[/tMKlZei_zLhv]
[zTuZzFUZoMgA#0] ^han<prn><pers><p3><m><sg><acc>$
[/zTuZzFUZoMgA]
