[0tkleIoBBRxj#0] mest overskuelig
[/0tkleIoBBRxj]
[4ezRqmPuJ3lS#0] har blitt oppført
[/4ezRqmPuJ3lS]
[BGSXM-VaHxKz#0] som ikke har blitt oppført
[/BGSXM-VaHxKz]
[I1a7gtD3zHRi#0] har blitt funnet
[/I1a7gtD3zHRi]
[W-fqMeU--uw4#0] som har blitt funnet
[/W-fqMeU--uw4]
[eLrB2F8Y26uc#0] søkende der evnen til å utnytte
[/eLrB2F8Y26uc]
[hqvcBLgqrUlV#0] mest overskuelige
[/hqvcBLgqrUlV]
[i9_os4amzrP1#0] mer overskuelig
[/i9_os4amzrP1]
[jONRw3Es7Fmy#0] de parter som har søknader som
[/jONRw3Es7Fmy]
[tMKlZei_zLhv#0] Jeg har åler i min luftputebåt
[/tMKlZei_zLhv]
[zTuZzFUZoMgA#0] ham
[/zTuZzFUZoMgA]
