[0tkleIoBBRxj#0] ^överskådligast/överskådlig<adj><sint><sup><un><sp><ind>$
[/0tkleIoBBRxj]
[4ezRqmPuJ3lS#0] ^har/ha<vblex><pres><actv>$ ^uppförts/uppföra<vblex><supn><pasv>$
[/4ezRqmPuJ3lS]
[BGSXM-VaHxKz#0] ^som/som<cnjsub>/som<pr>$ ^inte/inte<adv>$ ^uppförts/uppföra<vblex><supn><pasv>$
[/BGSXM-VaHxKz]
[I1a7gtD3zHRi#0] ^har/ha<vblex><pres><actv>$ ^funnits/finna<vblex><supn><pasv>/finnas<vblex><supn><pasv>$
[/I1a7gtD3zHRi]
[W-fqMeU--uw4#0] ^som/som<cnjsub>/som<pr>$ ^funnits/finna<vblex><supn><pasv>/finnas<vblex><supn><pasv>$
[/W-fqMeU--uw4]
[eLrB2F8Y26uc#0] ^sökande/söka<adj><pprs>$ ^vars/vilken<prn><rel><un><pl><gen>/vilken<prn><rel><nt><sg><gen>/vilken<prn><rel><ut><sg><gen>$ ^förmåga/förmåga<n><ut><sg><ind>$ ^att/att<cnjsub>$ ^utnyttja/utnyttja<vblex><inf><actv>$
[/eLrB2F8Y26uc]
[hqvcBLgqrUlV#0] ^överskådligaste/överskådlig<adj><sint><sup><fn><sp><def>/överskådlig<adj><sint><sup><m><sp><def>$
[/hqvcBLgqrUlV]
[i9_os4amzrP1#0] ^överskådligare/överskådlig<adj><sint><comp><un><sp>$
[/i9_os4amzrP1]
[jONRw3Es7Fmy#0] ^de/den<det><dem><un><pl>/de<prn><pers><p3><un><pl><nom>$ ^parter/part<n><ut><pl><ind>$ ^vars/vilken<prn><rel><un><pl><gen>/vilken<prn><rel><nt><sg><gen>/vilken<prn><rel><ut><sg><gen>$ ^ansökningar/ansökning<n><ut><pl><ind>$
[/jONRw3Es7Fmy]
[tMKlZei_zLhv#0] ^Jag/Jag<prn><pers><p1><ut><sg><nom>$ ^har/ha<vblex><pres><actv>$ ^ålar/åla<vblex><pres><actv>/ål<n><ut><pl><ind>$ ^i/i<pr>$ ^min/min<det><pos><ut><sg>$ ^svävare/svävare<n><ut><sg><ind>$
[/tMKlZei_zLhv]
[zTuZzFUZoMgA#0] ^honom/han<prn><pers><p3><m><sg><acc>$
[/zTuZzFUZoMgA]
